{"code":"InvalidParamterValue","description":"Bad value for crs."}
