{"code":"InvalidParamterValue","description":"Bad value for bbox-crs."}
